EN clockmanager NULL C:/eprog/ProjectV0/ClockManager.vhd sub00/vhpl02 1608305965
EN vga_sync NULL C:/eprog/ProjectV0/list_ch12_01_vga_sync.vhd sub00/vhpl04 1608305967
EN pong_graph NULL C:/eprog/ProjectV0/list_ch13_07_pong_graph.vhd sub00/vhpl08 1608305971
AR m100_counter arch C:/eprog/ProjectV0/list_ch13_08_pong_counter.vhd sub00/vhpl13 1608305976
AR clockmanager behavioral C:/eprog/ProjectV0/ClockManager.vhd sub00/vhpl03 1608305966
AR pong_top arch C:/eprog/ProjectV0/list_ch13_10_pong_top.vhd sub00/vhpl15 1608305978
EN pong_text NULL C:/eprog/ProjectV0/list_ch13_06_pong_text.vhd sub00/vhpl06 1608305969
AR font_rom arch C:/eprog/ProjectV0/list_ch13_01_font_rom.vhd sub00/vhpl01 1608305964
EN font_rom NULL C:/eprog/ProjectV0/list_ch13_01_font_rom.vhd sub00/vhpl00 1608305963
EN m100_counter NULL C:/eprog/ProjectV0/list_ch13_08_pong_counter.vhd sub00/vhpl12 1608305975
AR vga_sync arch C:/eprog/ProjectV0/list_ch12_01_vga_sync.vhd sub00/vhpl05 1608305968
EN pong_top NULL C:/eprog/ProjectV0/list_ch13_10_pong_top.vhd sub00/vhpl14 1608305977
AR timer arch C:/eprog/ProjectV0/list_ch13_09_pong_timer.vhd sub00/vhpl11 1608305974
AR pong_graph arch C:/eprog/ProjectV0/list_ch13_07_pong_graph.vhd sub00/vhpl09 1608305972
AR pong_text arch C:/eprog/ProjectV0/list_ch13_06_pong_text.vhd sub00/vhpl07 1608305970
EN timer NULL C:/eprog/ProjectV0/list_ch13_09_pong_timer.vhd sub00/vhpl10 1608305973
