V3 43
FL C:/eprog/ProjectV0/ClockManager.vhd 2019/11/22.15:03:01 P.58f
EN work/clockmanager 1608305965 FL C:/eprog/ProjectV0/ClockManager.vhd \
      PB ieee/std_logic_1164 1364358218 PB ieee/NUMERIC_STD 1364358223 LB UNISIM \
      PH unisim/VCOMPONENTS 1364358225
AR work/clockmanager/BEHAVIORAL 1608305966 \
      FL C:/eprog/ProjectV0/ClockManager.vhd EN work/clockmanager 1608305965 \
      CP IBUFG CP BUFG CP DCM_SP
FL C:/eprog/ProjectV0/list_ch12_01_vga_sync.vhd 2019/11/08.15:13:00 P.58f
EN work/vga_sync 1608305967 FL C:/eprog/ProjectV0/list_ch12_01_vga_sync.vhd \
      PB ieee/std_logic_1164 1364358218 PB ieee/NUMERIC_STD 1364358223
AR work/vga_sync/arch 1608305968 \
      FL C:/eprog/ProjectV0/list_ch12_01_vga_sync.vhd EN work/vga_sync 1608305967
FL C:/eprog/ProjectV0/list_ch13_01_font_rom.vhd 2019/11/08.12:14:08 P.58f
EN work/font_rom 1608305963 FL C:/eprog/ProjectV0/list_ch13_01_font_rom.vhd \
      PB ieee/std_logic_1164 1364358218 PB ieee/NUMERIC_STD 1364358223
AR work/font_rom/arch 1608305964 \
      FL C:/eprog/ProjectV0/list_ch13_01_font_rom.vhd EN work/font_rom 1608305963
FL C:/eprog/ProjectV0/list_ch13_06_pong_text.vhd 2020/12/14.17:34:45 P.58f
EN work/pong_text 1608305969 FL C:/eprog/ProjectV0/list_ch13_06_pong_text.vhd \
      PB ieee/std_logic_1164 1364358218 PB ieee/NUMERIC_STD 1364358223
AR work/pong_text/arch 1608305970 \
      FL C:/eprog/ProjectV0/list_ch13_06_pong_text.vhd EN work/pong_text 1608305969 \
      CP work/font_rom
FL C:/eprog/ProjectV0/list_ch13_07_pong_graph.vhd 2020/12/18.15:39:20 P.58f
EN work/pong_graph 1608305971 FL C:/eprog/ProjectV0/list_ch13_07_pong_graph.vhd \
      PB ieee/std_logic_1164 1364358218 PB ieee/NUMERIC_STD 1364358223
AR work/pong_graph/arch 1608305972 \
      FL C:/eprog/ProjectV0/list_ch13_07_pong_graph.vhd EN work/pong_graph 1608305971
FL C:/eprog/ProjectV0/list_ch13_08_pong_counter.vhd 2008/01/28.16:25:20 P.58f
EN work/m100_counter 1608305975 \
      FL C:/eprog/ProjectV0/list_ch13_08_pong_counter.vhd PB ieee/std_logic_1164 1364358218 \
      PB ieee/NUMERIC_STD 1364358223
AR work/m100_counter/arch 1608305976 \
      FL C:/eprog/ProjectV0/list_ch13_08_pong_counter.vhd EN work/m100_counter 1608305975
FL C:/eprog/ProjectV0/list_ch13_09_pong_timer.vhd 2019/11/08.11:54:50 P.58f
EN work/timer 1608305973 FL C:/eprog/ProjectV0/list_ch13_09_pong_timer.vhd \
      PB ieee/std_logic_1164 1364358218 PB ieee/NUMERIC_STD 1364358223
AR work/timer/arch 1608305974 \
      FL C:/eprog/ProjectV0/list_ch13_09_pong_timer.vhd EN work/timer 1608305973
FL C:/eprog/ProjectV0/list_ch13_10_pong_top.vhd 2020/12/18.15:11:49 P.58f
EN work/pong_top 1608305977 FL C:/eprog/ProjectV0/list_ch13_10_pong_top.vhd \
      PB ieee/std_logic_1164 1364358218 PB ieee/NUMERIC_STD 1364358223
AR work/pong_top/arch 1608305978 \
      FL C:/eprog/ProjectV0/list_ch13_10_pong_top.vhd EN work/pong_top 1608305977 \
      CP work/clockmanager CP work/vga_sync CP work/pong_text CP work/pong_graph \
      CP work/timer CP work/m100_counter
FL D:/Xilinx/ProjectV0/ClockManager.vhd 2019/11/22.15:03:01 P.58f
FL D:/Xilinx/ProjectV0/list_ch12_01_vga_sync.vhd 2019/11/08.15:13:00 P.58f
FL D:/Xilinx/ProjectV0/list_ch13_01_font_rom.vhd 2019/11/08.12:14:08 P.58f
FL D:/Xilinx/ProjectV0/list_ch13_06_pong_text.vhd 2020/12/14.17:34:45 P.58f
FL D:/Xilinx/ProjectV0/list_ch13_07_pong_graph.vhd 2020/12/14.18:08:49 P.58f
FL D:/Xilinx/ProjectV0/list_ch13_08_pong_counter.vhd 2008/01/28.16:25:20 P.58f
FL D:/Xilinx/ProjectV0/list_ch13_09_pong_timer.vhd 2019/11/08.11:54:50 P.58f
FL D:/Xilinx/ProjectV0/list_ch13_10_pong_top.vhd 2020/12/14.09:40:32 P.58f
